[
  {
    "organization": "CS2103AUG2017-W09-B1",
    "repoName": "main",
    "branch": "master",
    "displayName": "CS2103AUG2017-W09-B1_main",
    "sinceDate": "2017-07-01",
    "untilDate": "2017-11-30"
  },
  {
    "organization": "CS2103AUG2017-W09-B2",
    "repoName": "main",
    "branch": "master",
    "displayName": "CS2103AUG2017-W09-B2_main",
    "sinceDate": "2017-07-01",
    "untilDate": "2017-11-30"
  }
]
